Renesas Optimizing Linker (W2.06.00 )             04-Jan-2021 22:01:35

*** Options ***

-subcommand=LinkerSubCommand.tmp
-input="./src/dbsct.obj"
-input="./src/final.obj"
-input="./src/interrupt_handlers.obj"
-input="./src/reset_program.obj"
-input="./src/sbrk.obj"
-input="./src/vector_table.obj"
-start=SU,SI,B_1,R_1,B_2,R_2,B,R/04,PResetPRG,C_1,C_2,C,C$*,D*,W*,L,PIntPRG,P/0FFF80000,EXCEPTVECT/0FFFFFF80,RESETVECT/0FFFFFFFC
-library=C:\Users\David\E2_STU~1\FINAL_~1\final\HARDWA~2\final.lib
-noprelink
-list=final.map
-show
-nooptimize
-debug
-output=C:\Users\David\e2_studio\final_project\final\HardwareDebug\final.abs
-rom=D=R,D_1=R_1,D_2=R_2
-nocompress
-nomessage
-nologo

*** Error information ***

*** Mapping List ***

SECTION                            START      END         SIZE   ALIGN

SU
                                  00000004  00000103       100   4
SI
                                  00000104  00000403       300   4
B_1
                                  00000404  00000404         0   1
R_1
                                  00000404  00000404         0   1
B_2
                                  00000404  00000404         0   1
R_2
                                  00000404  00000404         0   1
B
                                  00000404  00001167       d64   4
R
                                  00001168  0000117b        14   4
PResetPRG
                                  fff80000  fff80039        3a   1
C_1
                                  fff8003a  fff8003a         0   1
C_2
                                  fff8003a  fff8003a         0   1
C
                                  fff8003c  fff80247       20c   4
C$DSEC
                                  fff80248  fff8026b        24   4
C$BSEC
                                  fff8026c  fff80283        18   4
C$INIT
                                  fff80284  fff80284         0   1
C$VECT
                                  fff80284  fff80683       400   4
C$VTBL
                                  fff80684  fff80684         0   1
D
                                  fff80684  fff80697        14   4
D_1
                                  fff80698  fff80698         0   1
D_2
                                  fff80698  fff80698         0   1
W
                                  fff80698  fff80698         0   1
W_1
                                  fff80698  fff80698         0   1
W_2
                                  fff80698  fff80698         0   1
L
                                  fff80698  fff80698         0   1
PIntPRG
                                  fff80698  fff807f7       160   1
P
                                  fff807f8  fff81338       b41   1
EXCEPTVECT
                                  ffffff80  fffffffb        7c   4
RESETVECT
                                  fffffffc  ffffffff         4   4

*** Symbol List ***

SECTION=
FILE=                               START        END    SIZE
  SYMBOL                            ADDR        SIZE    INFO      COUNTS  OPT

SECTION=SU
FILE=.\src\reset_program.obj
                                  00000004  00000103       100

SECTION=SI
FILE=.\src\reset_program.obj
                                  00000104  00000403       300

SECTION=B
FILE=.\src\final.obj
                                  00000404  00000d67       964
  _dia
                                  00000404       700   data ,g         4
  _face
                                  00000b04       264   data ,g         b
FILE=.\src\sbrk.obj
                                  00000d68  00001167       400
  _heap_area
                                  00000d68       400   data ,l         2

SECTION=R
FILE=.\src\final.obj
                                  00001168  00001173         c
  _top
                                  00001168         4   data ,g         0
  _nn
                                  0000116c         4   data ,g         1
  _grade
                                  00001170         4   data ,g         3
FILE=.\src\sbrk.obj
                                  00001174  00001177         4
  _brk
                                  00001174         4   data ,l         1
FILE=_rnext
                                  00001178  0000117b         4
  __rnext
                                  00001178         4   data ,g         1

SECTION=PResetPRG
FILE=.\src\reset_program.obj
                                  fff80000  fff80039        3a
  _PowerON_Reset_PC
                                  fff80000        3a   entry,g         1

SECTION=C
FILE=.\src\dbsct.obj
                                  fff8003c  fff8006f        34
  __CTBL
                                  fff8003c        34   data ,g         0
FILE=.\src\final.obj
                                  fff80070  fff80247       1d8
  _barrier
                                  fff80070        c0   data ,g         1
  _LED7pinState
                                  fff80130       118   data ,g         1

SECTION=C$DSEC
FILE=.\src\dbsct.obj
                                  fff80248  fff8026b        24
  __DTBL
                                  fff80248        24   data ,g         0

SECTION=C$BSEC
FILE=.\src\dbsct.obj
                                  fff8026c  fff80283        18
  __BTBL
                                  fff8026c        18   data ,g         0

SECTION=C$VECT
FILE=.\src\dbsct.obj
                                  fff80284  fff80683       400

SECTION=D
FILE=.\src\final.obj
                                  fff80684  fff8068f         c
FILE=.\src\sbrk.obj
                                  fff80690  fff80693         4
FILE=_rnext
                                  fff80694  fff80697         4

SECTION=PIntPRG
FILE=.\src\interrupt_handlers.obj
                                  fff80698  fff807f7       160
  _Excep_SuperVisorInst
                                  fff80698         2   func ,g         1
  _Excep_AccessInst
                                  fff8069a         2   func ,g         1
  _Excep_UndefinedInst
                                  fff8069c         2   func ,g         1
  _Excep_FloatingPoint
                                  fff8069e         2   func ,g         1
  _NonMaskableInterrupt
                                  fff806a0         2   func ,g         1
  _Dummy
                                  fff806a2         2   func ,g        13
  _Excep_BRK
                                  fff806a4         4   func ,g         0
  _Excep_BSC_BUSERR
                                  fff806a8         2   func ,g         0
  _Excep_FCU_FRDYI
                                  fff806aa         2   func ,g         0
  _Excep_ICU_SWINT
                                  fff806ac         2   func ,g         0
  _Excep_CMT0_CMI0
                                  fff806ae         2   func ,g         0
  _Excep_CMT1_CMI1
                                  fff806b0         2   func ,g         0
  _Excep_CMT2_CMI2
                                  fff806b2         2   func ,g         0
  _Excep_CMT3_CMI3
                                  fff806b4         2   func ,g         0
  _Excep_CAC_FERRF
                                  fff806b6         2   func ,g         0
  _Excep_CAC_MENDF
                                  fff806b8         2   func ,g         0
  _Excep_CAC_OVFF
                                  fff806ba         2   func ,g         0
  _Excep_USB0_D0FIFO0
                                  fff806bc         2   func ,g         0
  _Excep_USB0_D1FIFO0
                                  fff806be         2   func ,g         0
  _Excep_USB0_USBI0
                                  fff806c0         2   func ,g         0
  _Excep_SDHI_SBFAI
                                  fff806c2         2   func ,g         0
  _Excep_SDHI_CDETI
                                  fff806c4         2   func ,g         0
  _Excep_SDHI_CACI
                                  fff806c6         2   func ,g         0
  _Excep_SDHI_SDACI
                                  fff806c8         2   func ,g         0
  _Excep_RSPI0_SPEI0
                                  fff806ca         2   func ,g         0
  _Excep_RSPI0_SPRI0
                                  fff806cc         2   func ,g         0
  _Excep_RSPI0_SPTI0
                                  fff806ce         2   func ,g         0
  _Excep_RSPI0_SPII0
                                  fff806d0         2   func ,g         0
  _Excep_RSCAN_COMFRXINT
                                  fff806d2         2   func ,g         0
  _Excep_RSCAN_RXFINT
                                  fff806d4         2   func ,g         0
  _Excep_RSCAN_TXINT
                                  fff806d6         2   func ,g         0
  _Excep_RSCAN_CHERRINT
                                  fff806d8         2   func ,g         0
  _Excep_RSCAN_GLERRINT
                                  fff806da         2   func ,g         0
  _Excep_DOC_DOPCF
                                  fff806dc         2   func ,g         0
  _Excep_CMPB_CMPB0
                                  fff806de         2   func ,g         0
  _Excep_CMPB_CMPB1
                                  fff806e0         2   func ,g         0
  _Excep_CTSU_CTSUWR
                                  fff806e2         2   func ,g         0
  _Excep_CTSU_CTSURD
                                  fff806e4         2   func ,g         0
  _Excep_CTSU_CTSUFN
                                  fff806e6         2   func ,g         0
  _Excep_RTC_CUP
                                  fff806e8         2   func ,g         0
  _Excep_ICU_IRQ0
                                  fff806ea         2   func ,g         0
  _Excep_ICU_IRQ1
                                  fff806ec         2   func ,g         0
  _Excep_ICU_IRQ2
                                  fff806ee         2   func ,g         0
  _Excep_ICU_IRQ3
                                  fff806f0         2   func ,g         0
  _Excep_ICU_IRQ4
                                  fff806f2         2   func ,g         0
  _Excep_ICU_IRQ5
                                  fff806f4         2   func ,g         0
  _Excep_ICU_IRQ6
                                  fff806f6         2   func ,g         0
  _Excep_ICU_IRQ7
                                  fff806f8         2   func ,g         0
  _Excep_ELC_ELSR8I
                                  fff806fa         2   func ,g         0
  _Excep_LVD_LVD1
                                  fff806fc         2   func ,g         0
  _Excep_LVD_LVD2
                                  fff806fe         2   func ,g         0
  _Excep_USB0_USBR0
                                  fff80700         2   func ,g         0
  _Excep_VBATT_VBTLVDI
                                  fff80702         2   func ,g         0
  _Excep_RTC_ALM
                                  fff80704         2   func ,g         0
  _Excep_RTC_PRD
                                  fff80706         2   func ,g         0
  _Excep_S12AD_S12ADI0
                                  fff80708         2   func ,g         0
  _Excep_S12AD_GBADI
                                  fff8070a         2   func ,g         0
  _Excep_CMPB1_CMPB2
                                  fff8070c         2   func ,g         0
  _Excep_CMPB1_CMPB3
                                  fff8070e         2   func ,g         0
  _Excep_ELC_ELSR18I
                                  fff80710         2   func ,g         0
  _Excep_ELC_ELSR19I
                                  fff80712         2   func ,g         0
  _Excep_SSI0_SSIF0
                                  fff80714         2   func ,g         0
  _Excep_SSI0_SSIRXI0
                                  fff80716         2   func ,g         0
  _Excep_SSI0_SSITXI0
                                  fff80718         2   func ,g         0
  _Excep_SECURITY_RD
                                  fff8071a         2   func ,g         0
  _Excep_SECURITY_WR
                                  fff8071c         2   func ,g         0
  _Excep_SECURITY_ERR
                                  fff8071e         2   func ,g         0
  _Excep_MTU0_TGIA0
                                  fff80720         2   func ,g         0
  _Excep_MTU0_TGIB0
                                  fff80722         2   func ,g         0
  _Excep_MTU0_TGIC0
                                  fff80724         2   func ,g         0
  _Excep_MTU0_TGID0
                                  fff80726         2   func ,g         0
  _Excep_MTU0_TCIV0
                                  fff80728         2   func ,g         0
  _Excep_MTU0_TGIE0
                                  fff8072a         2   func ,g         0
  _Excep_MTU0_TGIF0
                                  fff8072c         2   func ,g         0
  _Excep_MTU1_TGIA1
                                  fff8072e         2   func ,g         0
  _Excep_MTU1_TGIB1
                                  fff80730         2   func ,g         0
  _Excep_MTU1_TCIV1
                                  fff80732         2   func ,g         0
  _Excep_MTU1_TCIU1
                                  fff80734         2   func ,g         0
  _Excep_MTU2_TGIA2
                                  fff80736         2   func ,g         0
  _Excep_MTU2_TGIB2
                                  fff80738         2   func ,g         0
  _Excep_MTU2_TCIV2
                                  fff8073a         2   func ,g         0
  _Excep_MTU2_TCIU2
                                  fff8073c         2   func ,g         0
  _Excep_MTU3_TGIA3
                                  fff8073e         2   func ,g         0
  _Excep_MTU3_TGIB3
                                  fff80740         2   func ,g         0
  _Excep_MTU3_TGIC3
                                  fff80742         2   func ,g         0
  _Excep_MTU3_TGID3
                                  fff80744         2   func ,g         0
  _Excep_MTU3_TCIV3
                                  fff80746         2   func ,g         0
  _Excep_MTU4_TGIA4
                                  fff80748         2   func ,g         0
  _Excep_MTU4_TGIB4
                                  fff8074a         2   func ,g         0
  _Excep_MTU4_TGIC4
                                  fff8074c         2   func ,g         0
  _Excep_MTU4_TGID4
                                  fff8074e         2   func ,g         0
  _Excep_MTU4_TCIV4
                                  fff80750         2   func ,g         0
  _Excep_MTU5_TGIU5
                                  fff80752         2   func ,g         0
  _Excep_MTU5_TGIV5
                                  fff80754         2   func ,g         0
  _Excep_MTU5_TGIW5
                                  fff80756         2   func ,g         0
  _Excep_TPU0_TGI0A
                                  fff80758         2   func ,g         0
  _Excep_TPU0_TGI0B
                                  fff8075a         2   func ,g         0
  _Excep_TPU0_TGI0C
                                  fff8075c         2   func ,g         0
  _Excep_TPU0_TGI0D
                                  fff8075e         2   func ,g         0
  _Excep_TPU0_TCI0V
                                  fff80760         2   func ,g         0
  _Excep_TPU1_TGI1A
                                  fff80762         2   func ,g         0
  _Excep_TPU1_TGI1B
                                  fff80764         2   func ,g         0
  _Excep_TPU1_TCI1V
                                  fff80766         2   func ,g         0
  _Excep_TPU1_TCI1U
                                  fff80768         2   func ,g         0
  _Excep_TPU2_TGI2A
                                  fff8076a         2   func ,g         0
  _Excep_TPU2_TGI2B
                                  fff8076c         2   func ,g         0
  _Excep_TPU2_TCI2V
                                  fff8076e         2   func ,g         0
  _Excep_TPU2_TCI2U
                                  fff80770         2   func ,g         0
  _Excep_TPU3_TGI3A
                                  fff80772         2   func ,g         0
  _Excep_TPU3_TGI3B
                                  fff80774         2   func ,g         0
  _Excep_TPU3_TGI3C
                                  fff80776         2   func ,g         0
  _Excep_TPU3_TGI3D
                                  fff80778         2   func ,g         0
  _Excep_TPU3_TCI3V
                                  fff8077a         2   func ,g         0
  _Excep_TPU4_TGI4A
                                  fff8077c         2   func ,g         0
  _Excep_TPU4_TGI4B
                                  fff8077e         2   func ,g         0
  _Excep_TPU4_TCI4V
                                  fff80780         2   func ,g         0
  _Excep_TPU4_TCI4U
                                  fff80782         2   func ,g         0
  _Excep_TPU5_TGI5A
                                  fff80784         2   func ,g         0
  _Excep_TPU5_TGI5B
                                  fff80786         2   func ,g         0
  _Excep_TPU5_TCI5V
                                  fff80788         2   func ,g         0
  _Excep_TPU5_TCI5U
                                  fff8078a         2   func ,g         0
  _Excep_POE_OEI1
                                  fff8078c         2   func ,g         0
  _Excep_POE_OEI2
                                  fff8078e         2   func ,g         0
  _Excep_TMR0_CMIA0
                                  fff80790         2   func ,g         0
  _Excep_TMR0_CMIB0
                                  fff80792         2   func ,g         0
  _Excep_TMR0_OVI0
                                  fff80794         2   func ,g         0
  _Excep_TMR1_CMIA1
                                  fff80796         2   func ,g         0
  _Excep_TMR1_CMIB1
                                  fff80798         2   func ,g         0
  _Excep_TMR1_OVI1
                                  fff8079a         2   func ,g         0
  _Excep_TMR2_CMIA2
                                  fff8079c         2   func ,g         0
  _Excep_TMR2_CMIB2
                                  fff8079e         2   func ,g         0
  _Excep_TMR2_OVI2
                                  fff807a0         2   func ,g         0
  _Excep_TMR3_CMIA3
                                  fff807a2         2   func ,g         0
  _Excep_TMR3_CMIB3
                                  fff807a4         2   func ,g         0
  _Excep_TMR3_OVI3
                                  fff807a6         2   func ,g         0
  _Excep_DMAC_DMAC0I
                                  fff807a8         2   func ,g         0
  _Excep_DMAC_DMAC1I
                                  fff807aa         2   func ,g         0
  _Excep_DMAC_DMAC2I
                                  fff807ac         2   func ,g         0
  _Excep_DMAC_DMAC3I
                                  fff807ae         2   func ,g         0
  _Excep_SCI0_ERI0
                                  fff807b0         2   func ,g         0
  _Excep_SCI0_RXI0
                                  fff807b2         2   func ,g         0
  _Excep_SCI0_TXI0
                                  fff807b4         2   func ,g         0
  _Excep_SCI0_TEI0
                                  fff807b6         2   func ,g         0
  _Excep_SCI1_ERI1
                                  fff807b8         2   func ,g         0
  _Excep_SCI1_RXI1
                                  fff807ba         2   func ,g         0
  _Excep_SCI1_TXI1
                                  fff807bc         2   func ,g         0
  _Excep_SCI1_TEI1
                                  fff807be         2   func ,g         0
  _Excep_SCI5_ERI5
                                  fff807c0         2   func ,g         0
  _Excep_SCI5_RXI5
                                  fff807c2         2   func ,g         0
  _Excep_SCI5_TXI5
                                  fff807c4         2   func ,g         0
  _Excep_SCI5_TEI5
                                  fff807c6         2   func ,g         0
  _Excep_SCI6_ERI6
                                  fff807c8         2   func ,g         0
  _Excep_SCI6_RXI6
                                  fff807ca         2   func ,g         0
  _Excep_SCI6_TXI6
                                  fff807cc         2   func ,g         0
  _Excep_SCI6_TEI6
                                  fff807ce         2   func ,g         0
  _Excep_SCI8_ERI8
                                  fff807d0         2   func ,g         0
  _Excep_SCI8_RXI8
                                  fff807d2         2   func ,g         0
  _Excep_SCI8_TXI8
                                  fff807d4         2   func ,g         0
  _Excep_SCI8_TEI8
                                  fff807d6         2   func ,g         0
  _Excep_SCI9_ERI9
                                  fff807d8         2   func ,g         0
  _Excep_SCI9_RXI9
                                  fff807da         2   func ,g         0
  _Excep_SCI9_TXI9
                                  fff807dc         2   func ,g         0
  _Excep_SCI9_TEI9
                                  fff807de         2   func ,g         0
  _Excep_SCI12_ERI12
                                  fff807e0         2   func ,g         0
  _Excep_SCI12_RXI12
                                  fff807e2         2   func ,g         0
  _Excep_SCI12_TXI12
                                  fff807e4         2   func ,g         0
  _Excep_SCI12_TEI12
                                  fff807e6         2   func ,g         0
  _Excep_SCI12_SCIX0
                                  fff807e8         2   func ,g         0
  _Excep_SCI12_SCIX1
                                  fff807ea         2   func ,g         0
  _Excep_SCI12_SCIX2
                                  fff807ec         2   func ,g         0
  _Excep_SCI12_SCIX3
                                  fff807ee         2   func ,g         0
  _Excep_RIIC0_EEI0
                                  fff807f0         2   func ,g         0
  _Excep_RIIC0_RXI0
                                  fff807f2         2   func ,g         0
  _Excep_RIIC0_TXI0
                                  fff807f4         2   func ,g         0
  _Excep_RIIC0_TEI0
                                  fff807f6         2   func ,g         0

SECTION=P
FILE=.\src\final.obj
                                  fff807f8  fff812b2       abb
  _main
                                  fff807f8        20   func ,g         3
  _timer_init
                                  fff80818        36   func ,g         1
  _sleep
                                  fff8084e        22   func ,g         0
  _delay1ms
                                  fff80870         1   func ,g         0
  _init
                                  fff80871        82   func ,g         1
  _bright
                                  fff808f3       10c   func ,g         1
  _brightRow
                                  fff809ff       13e   func ,g         1
  _darkAll
                                  fff80b3d        5a   func ,g         1
  _dark
                                  fff80b97        ec   func ,g         2
  _init_dia
                                  fff80c83        e0   func ,g         1
  _start_game
                                  fff80d63       10b   func ,g         1
  _newBarrier
                                  fff80e6e        3b   func ,g         1
  _barrierPlus
                                  fff80ea9        6c   func ,g         1
  _draw_dia
                                  fff80f15        45   func ,g         0
  _draw_kong
                                  fff80f5a        45   func ,g         0
  _pd
                                  fff80f9f        46   func ,g         0
  _xc
                                  fff80fe5        d0   func ,g         0
  _input
                                  fff810b5         3   func ,g         0
  _renewFace
                                  fff810b8        81   func ,g         8
  _initKbhit
                                  fff81139        35   func ,g         1
  _kbhit
                                  fff8116e        20   func ,g         1
  _LED7_pin_init
                                  fff8118e        4c   func ,g         1
  _LED7_bit_write
                                  fff811da        d9   func ,g         1
FILE=.\src\sbrk.obj
                                  fff812b3  fff812d3        21
  _sbrk
                                  fff812b3        21   func ,g         0
FILE=rand
                                  fff812d4  fff812ee        1b
  _rand
                                  fff812d4        1b   func ,g         2
FILE=__initsct
                                  fff812ef  fff81338        4a
  __INITSCT
                                  fff812ef         0   none ,g         1
  loop1
                                  fff81301         0   none ,l         1
  next_loop1
                                  fff8130f         0   none ,l         2
  loop3
                                  fff81321         0   none ,l         1
  next_loop3
                                  fff81332         0   none ,l         2

SECTION=EXCEPTVECT
FILE=.\src\vector_table.obj
                                  ffffff80  fffffffb        7c
  _Except_Vectors
                                  ffffff80        7c   data ,g         0

SECTION=RESETVECT
FILE=.\src\vector_table.obj
                                  fffffffc  ffffffff         4
  _Reset_Vectors
                                  fffffffc         4   data ,g         0

*** Unfilled Areas ***

AREA                                START    END

*** Delete Symbols ***

SYMBOL                                SIZE    INFO
